In file included from /workspace/project/art/runtime/base/bit_vector.h:23,
                 from /workspace/project/art/runtime/base/bit_vector.cc:17:
/workspace/project/art/runtime/base/bit_utils.h:260:86: warning: ignoring attributes on template argument 'std::uint32_t' {aka 'unsigned int'} [-Wignored-attributes]
  260 |     : public std::iterator<std::forward_iterator_tag, uint32_t, ptrdiff_t, void, void> {
      |                                                                                      ^
In file included from /workspace/project/art/runtime/base/bit_vector.cc:17:
/workspace/project/art/runtime/base/bit_vector.h:49:83: warning: ignoring attributes on template argument 'std::uint32_t' {aka 'unsigned int'} [-Wignored-attributes]
   49 |       std::iterator<std::forward_iterator_tag, uint32_t, ptrdiff_t, void, uint32_t> {
      |                                                                                   ^
/workspace/project/art/runtime/base/bit_vector.h:49:83: warning: ignoring attributes on template argument 'std::uint32_t' {aka 'unsigned int'} [-Wignored-attributes]
In file included from /workspace/project/art/runtime/base/allocator.h:23,
                 from /workspace/project/art/runtime/base/bit_vector.cc:22:
/workspace/project/art/runtime/atomic.h:297:23: warning: ignoring attributes on template argument 'std::int32_t' {aka 'int'} [-Wignored-attributes]
  297 | typedef Atomic<int32_t> AtomicInteger;
      |                       ^
/workspace/project/art/runtime/atomic.h:302:36: warning: ignoring attributes on template argument 'std::int64_t' {aka 'long long int'} [-Wignored-attributes]
  302 | static_assert(sizeof(Atomic<int64_t>) == sizeof(int64_t), "Weird Atomic<int64> size");
      |                                    ^
In file included from /workspace/project/art/runtime/base/allocator.h:25,
                 from /workspace/project/art/runtime/base/bit_vector.cc:22:
/workspace/project/art/runtime/base/mutex.h:178:20: warning: ignoring attributes on template argument 'std::uint64_t' {aka 'long long unsigned int'} [-Wignored-attributes]
  178 |     Atomic<uint64_t> wait_time;
      |                    ^
In file included from /workspace/project/art/runtime/base/bit_vector.cc:22:
/workspace/project/art/runtime/base/allocator.h:85:23: warning: ignoring attributes on template argument 'std::uint64_t' {aka 'long long unsigned int'} [-Wignored-attributes]
   85 | extern Atomic<uint64_t> g_total_bytes_used[kAllocatorTagCount];
      |                       ^
/workspace/project/art/runtime/base/bit_vector.cc: In member function 'void art::BitVector::SetInitialBits(std::uint32_t)':
/workspace/project/art/runtime/base/bit_vector.cc:258:49: warning: ignoring attributes on template argument 'std::uint32_t' {aka 'unsigned int'} [-Wignored-attributes]
  258 |     storage_[idx] = std::numeric_limits<uint32_t>::max();
      |                                                 ^
