In file included from /workspace/project/art/runtime/base/arena_allocator.h:23,
                 from /workspace/project/art/runtime/base/scoped_arena_allocator.h:20,
                 from /workspace/project/art/runtime/base/scoped_arena_allocator.cc:17:
/workspace/project/art/runtime/base/bit_utils.h:260:86: warning: ignoring attributes on template argument 'std::uint32_t' {aka 'unsigned int'} [-Wignored-attributes]
  260 |     : public std::iterator<std::forward_iterator_tag, uint32_t, ptrdiff_t, void, void> {
      |                                                                                      ^
In file included from /workspace/project/art/runtime/base/mutex.h:26,
                 from /workspace/project/art/runtime/base/arena_allocator.h:26,
                 from /workspace/project/art/runtime/base/scoped_arena_allocator.h:20,
                 from /workspace/project/art/runtime/base/scoped_arena_allocator.cc:17:
/workspace/project/art/runtime/atomic.h:297:23: warning: ignoring attributes on template argument 'std::int32_t' {aka 'int'} [-Wignored-attributes]
  297 | typedef Atomic<int32_t> AtomicInteger;
      |                       ^
/workspace/project/art/runtime/atomic.h:302:36: warning: ignoring attributes on template argument 'std::int64_t' {aka 'long long int'} [-Wignored-attributes]
  302 | static_assert(sizeof(Atomic<int64_t>) == sizeof(int64_t), "Weird Atomic<int64> size");
      |                                    ^
In file included from /workspace/project/art/runtime/base/arena_allocator.h:26,
                 from /workspace/project/art/runtime/base/scoped_arena_allocator.h:20,
                 from /workspace/project/art/runtime/base/scoped_arena_allocator.cc:17:
/workspace/project/art/runtime/base/mutex.h:178:20: warning: ignoring attributes on template argument 'std::uint64_t' {aka 'long long unsigned int'} [-Wignored-attributes]
  178 |     Atomic<uint64_t> wait_time;
      |                    ^
