In file included from /workspace/project/art/runtime/jdwp/jdwp.h:20,
                 from /workspace/project/art/runtime/jdwp/jdwp_expand_buf.cc:27:
/workspace/project/art/runtime/atomic.h:297:23: warning: ignoring attributes on template argument 'std::int32_t' {aka 'int'} [-Wignored-attributes]
  297 | typedef Atomic<int32_t> AtomicInteger;
      |                       ^
/workspace/project/art/runtime/atomic.h:302:36: warning: ignoring attributes on template argument 'std::int64_t' {aka 'long long int'} [-Wignored-attributes]
  302 | static_assert(sizeof(Atomic<int64_t>) == sizeof(int64_t), "Weird Atomic<int64> size");
      |                                    ^
In file included from /workspace/project/art/runtime/jdwp/jdwp.h:21,
                 from /workspace/project/art/runtime/jdwp/jdwp_expand_buf.cc:27:
/workspace/project/art/runtime/base/mutex.h:178:20: warning: ignoring attributes on template argument 'std::uint64_t' {aka 'long long unsigned int'} [-Wignored-attributes]
  178 |     Atomic<uint64_t> wait_time;
      |                    ^
In file included from /workspace/project/art/runtime/jdwp/jdwp.h:22,
                 from /workspace/project/art/runtime/jdwp/jdwp_expand_buf.cc:27:
/workspace/project/art/runtime/jdwp/jdwp_bits.h:35:49: warning: ignoring attributes on template argument 'std::uint8_t' {aka 'unsigned char'} [-Wignored-attributes]
   35 | static inline void Append1BE(std::vector<uint8_t>& bytes, uint8_t value) {
      |                                                 ^
/workspace/project/art/runtime/jdwp/jdwp_bits.h:39:49: warning: ignoring attributes on template argument 'std::uint8_t' {aka 'unsigned char'} [-Wignored-attributes]
   39 | static inline void Append2BE(std::vector<uint8_t>& bytes, uint16_t value) {
      |                                                 ^
/workspace/project/art/runtime/jdwp/jdwp_bits.h:44:49: warning: ignoring attributes on template argument 'std::uint8_t' {aka 'unsigned char'} [-Wignored-attributes]
   44 | static inline void Append4BE(std::vector<uint8_t>& bytes, uint32_t value) {
      |                                                 ^
/workspace/project/art/runtime/jdwp/jdwp_bits.h:51:49: warning: ignoring attributes on template argument 'std::uint8_t' {aka 'unsigned char'} [-Wignored-attributes]
   51 | static inline void Append8BE(std::vector<uint8_t>& bytes, uint64_t value) {
      |                                                 ^
/workspace/project/art/runtime/jdwp/jdwp_bits.h:62:53: warning: ignoring attributes on template argument 'std::uint8_t' {aka 'unsigned char'} [-Wignored-attributes]
   62 | static inline void AppendUtf16BE(std::vector<uint8_t>& bytes, const uint16_t* chars, size_t char_count) {
      |                                                     ^
In file included from /workspace/project/art/runtime/jdwp/jdwp_expand_buf.cc:27:
/workspace/project/art/runtime/jdwp/jdwp.h:383:17: warning: ignoring attributes on template argument 'std::int64_t' {aka 'long long int'} [-Wignored-attributes]
  383 |   Atomic<int64_t> last_activity_time_ms_;
      |                 ^
