In file included from /workspace/project/art/runtime/base/hash_set.h:25,
                 from /workspace/project/art/runtime/base/hash_map.h:22,
                 from /workspace/project/art/runtime/dex_file.h:25,
                 from /workspace/project/art/runtime/art_method.h:20,
                 from /workspace/project/art/runtime/arch/arm/quick_entrypoints_cc_arm.cc:17:
/workspace/project/art/runtime/base/bit_utils.h:260:86: warning: ignoring attributes on template argument 'std::uint32_t' {aka 'unsigned int'} [-Wignored-attributes]
  260 |     : public std::iterator<std::forward_iterator_tag, uint32_t, ptrdiff_t, void, void> {
      |                                                                                      ^
In file included from /workspace/project/art/runtime/base/mutex.h:26,
                 from /workspace/project/art/runtime/dex_file.h:27,
                 from /workspace/project/art/runtime/art_method.h:20,
                 from /workspace/project/art/runtime/arch/arm/quick_entrypoints_cc_arm.cc:17:
/workspace/project/art/runtime/atomic.h:297:23: warning: ignoring attributes on template argument 'std::int32_t' {aka 'int'} [-Wignored-attributes]
  297 | typedef Atomic<int32_t> AtomicInteger;
      |                       ^
/workspace/project/art/runtime/atomic.h:302:36: warning: ignoring attributes on template argument 'std::int64_t' {aka 'long long int'} [-Wignored-attributes]
  302 | static_assert(sizeof(Atomic<int64_t>) == sizeof(int64_t), "Weird Atomic<int64> size");
      |                                    ^
In file included from /workspace/project/art/runtime/dex_file.h:27,
                 from /workspace/project/art/runtime/art_method.h:20,
                 from /workspace/project/art/runtime/arch/arm/quick_entrypoints_cc_arm.cc:17:
/workspace/project/art/runtime/base/mutex.h:178:20: warning: ignoring attributes on template argument 'std::uint64_t' {aka 'long long unsigned int'} [-Wignored-attributes]
  178 |     Atomic<uint64_t> wait_time;
      |                    ^
In file included from /workspace/project/art/runtime/dex_file.h:33,
                 from /workspace/project/art/runtime/art_method.h:20,
                 from /workspace/project/art/runtime/arch/arm/quick_entrypoints_cc_arm.cc:17:
/workspace/project/art/runtime/utf.h:36:34: warning: ignoring attributes on template argument 'std::uint16_t' {aka 'short unsigned int'} [-Wignored-attributes]
   36 |   typedef PrimitiveArray<uint16_t> CharArray;
      |                                  ^
In file included from /workspace/project/art/runtime/art_method.h:20,
                 from /workspace/project/art/runtime/arch/arm/quick_entrypoints_cc_arm.cc:17:
/workspace/project/art/runtime/dex_file.h:732:56: warning: ignoring attributes on template argument 'std::uint16_t' {aka 'short unsigned int'} [-Wignored-attributes]
  732 |                              const std::vector<uint16_t>& signature_type_idxs) const {
      |                                                        ^
/workspace/project/art/runtime/dex_file.h:738:43: warning: ignoring attributes on template argument 'std::uint16_t' {aka 'short unsigned int'} [-Wignored-attributes]
  738 |                       std::vector<uint16_t>* param_type_idxs) const;
      |                                           ^
/workspace/project/art/runtime/dex_file.h:1021:26: warning: ignoring attributes on template argument 'std::uint32_t' {aka 'unsigned int'} [-Wignored-attributes]
 1021 |   mutable Atomic<uint32_t> find_class_def_misses_;
      |                          ^
In file included from /workspace/project/art/runtime/art_method.h:25,
                 from /workspace/project/art/runtime/arch/arm/quick_entrypoints_cc_arm.cc:17:
/workspace/project/art/runtime/mirror/object.h:43:31: warning: ignoring attributes on template argument 'std::uint8_t' {aka 'unsigned char'} [-Wignored-attributes]
   43 | typedef PrimitiveArray<uint8_t> BooleanArray;
      |                               ^
/workspace/project/art/runtime/mirror/object.h:44:30: warning: ignoring attributes on template argument 'std::int8_t' {aka 'signed char'} [-Wignored-attributes]
   44 | typedef PrimitiveArray<int8_t> ByteArray;
      |                              ^
/workspace/project/art/runtime/mirror/object.h:45:32: warning: ignoring attributes on template argument 'std::uint16_t' {aka 'short unsigned int'} [-Wignored-attributes]
   45 | typedef PrimitiveArray<uint16_t> CharArray;
      |                                ^
/workspace/project/art/runtime/mirror/object.h:48:31: warning: ignoring attributes on template argument 'std::int32_t' {aka 'int'} [-Wignored-attributes]
   48 | typedef PrimitiveArray<int32_t> IntArray;
      |                               ^
/workspace/project/art/runtime/mirror/object.h:49:31: warning: ignoring attributes on template argument 'std::int64_t' {aka 'long long int'} [-Wignored-attributes]
   49 | typedef PrimitiveArray<int64_t> LongArray;
      |                               ^
/workspace/project/art/runtime/mirror/object.h:50:31: warning: ignoring attributes on template argument 'std::int16_t' {aka 'short int'} [-Wignored-attributes]
   50 | typedef PrimitiveArray<int16_t> ShortArray;
      |                               ^
/workspace/project/art/runtime/mirror/object.h:512:25: warning: ignoring attributes on template argument 'std::uint32_t' {aka 'unsigned int'} [-Wignored-attributes]
  512 |   static Atomic<uint32_t> hash_code_seed;
      |                         ^
In file included from /workspace/project/art/runtime/stack_map.h:20,
                 from /workspace/project/art/runtime/art_method.h:30,
                 from /workspace/project/art/runtime/arch/arm/quick_entrypoints_cc_arm.cc:17:
/workspace/project/art/runtime/base/bit_vector.h:49:83: warning: ignoring attributes on template argument 'std::uint32_t' {aka 'unsigned int'} [-Wignored-attributes]
   49 |       std::iterator<std::forward_iterator_tag, uint32_t, ptrdiff_t, void, uint32_t> {
      |                                                                                   ^
/workspace/project/art/runtime/base/bit_vector.h:49:83: warning: ignoring attributes on template argument 'std::uint32_t' {aka 'unsigned int'} [-Wignored-attributes]
In file included from /workspace/project/art/runtime/art_method.h:31,
                 from /workspace/project/art/runtime/arch/arm/quick_entrypoints_cc_arm.cc:17:
/workspace/project/art/runtime/utils.h:290:39: warning: ignoring attributes on template argument 'std::uint8_t' {aka 'unsigned char'} [-Wignored-attributes]
  290 | void Push32(std::vector<uint8_t, Alloc>* buf, int32_t data) {
      |                                       ^
/workspace/project/art/runtime/utils.h:297:61: warning: ignoring attributes on template argument 'std::uint8_t' {aka 'unsigned char'} [-Wignored-attributes]
  297 | void EncodeUnsignedLeb128(uint32_t data, std::vector<uint8_t>* buf);
      |                                                             ^
/workspace/project/art/runtime/utils.h:298:58: warning: ignoring attributes on template argument 'std::uint8_t' {aka 'unsigned char'} [-Wignored-attributes]
  298 | void EncodeSignedLeb128(int32_t data, std::vector<uint8_t>* buf);
      |                                                          ^
