In file included from /workspace/project/art/runtime/gc/allocator/dlmalloc.cc:39:
/workspace/project/system/core/include/../../../bionic/libc/upstream-dlmalloc/malloc.c:725: warning: "M_TRIM_THRESHOLD" redefined
  725 | #define M_TRIM_THRESHOLD     (-1)
      | 
In file included from /workspace/project/toolchains/playbook-gcc9/qnx650/include/stdlib.h:29,
                 from /workspace/project/toolchains/playbook-gcc9/qnx650/include/libstdc++/9.3.0/cstdlib:75,
                 from /workspace/project/toolchains/playbook-gcc9/qnx650/include/libstdc++/9.3.0/bits/stl_algo.h:59,
                 from /workspace/project/toolchains/playbook-gcc9/qnx650/include/libstdc++/9.3.0/algorithm:62,
                 from /workspace/project/runtime/art-qnx/compat/art_qnx_compat.h:10,
                 from <command-line>:
/workspace/project/toolchains/playbook-gcc9/qnx650/include/malloc.h:102: note: this is the location of the previous definition
  102 | # define M_TRIM_THRESHOLD (int)(MALLOC_LAST+3)
      | 
In file included from /workspace/project/art/runtime/gc/allocator/dlmalloc.cc:39:
/workspace/project/system/core/include/../../../bionic/libc/upstream-dlmalloc/malloc.c:727: warning: "M_MMAP_THRESHOLD" redefined
  727 | #define M_MMAP_THRESHOLD     (-3)
      | 
In file included from /workspace/project/toolchains/playbook-gcc9/qnx650/include/stdlib.h:29,
                 from /workspace/project/toolchains/playbook-gcc9/qnx650/include/libstdc++/9.3.0/cstdlib:75,
                 from /workspace/project/toolchains/playbook-gcc9/qnx650/include/libstdc++/9.3.0/bits/stl_algo.h:59,
                 from /workspace/project/toolchains/playbook-gcc9/qnx650/include/libstdc++/9.3.0/algorithm:62,
                 from /workspace/project/runtime/art-qnx/compat/art_qnx_compat.h:10,
                 from <command-line>:
/workspace/project/toolchains/playbook-gcc9/qnx650/include/malloc.h:104: note: this is the location of the previous definition
  104 | # define M_MMAP_THRESHOLD (int)(MALLOC_LAST+5)
      | 
In file included from /workspace/project/art/runtime/gc/allocator/dlmalloc.cc:19:
/workspace/project/art/runtime/base/bit_utils.h:260:86: warning: ignoring attributes on template argument 'std::uint32_t' {aka 'unsigned int'} [-Wignored-attributes]
  260 |     : public std::iterator<std::forward_iterator_tag, uint32_t, ptrdiff_t, void, void> {
      |                                                                                      ^
In file included from /workspace/project/art/runtime/base/mutex.h:26,
                 from /workspace/project/art/runtime/utils.h:30,
                 from /workspace/project/art/runtime/gc/allocator/dlmalloc.cc:56:
/workspace/project/art/runtime/atomic.h:297:23: warning: ignoring attributes on template argument 'std::int32_t' {aka 'int'} [-Wignored-attributes]
  297 | typedef Atomic<int32_t> AtomicInteger;
      |                       ^
/workspace/project/art/runtime/atomic.h:302:36: warning: ignoring attributes on template argument 'std::int64_t' {aka 'long long int'} [-Wignored-attributes]
  302 | static_assert(sizeof(Atomic<int64_t>) == sizeof(int64_t), "Weird Atomic<int64> size");
      |                                    ^
In file included from /workspace/project/art/runtime/utils.h:30,
                 from /workspace/project/art/runtime/gc/allocator/dlmalloc.cc:56:
/workspace/project/art/runtime/base/mutex.h:178:20: warning: ignoring attributes on template argument 'std::uint64_t' {aka 'long long unsigned int'} [-Wignored-attributes]
  178 |     Atomic<uint64_t> wait_time;
      |                    ^
In file included from /workspace/project/art/runtime/gc/allocator/dlmalloc.cc:56:
/workspace/project/art/runtime/utils.h:290:39: warning: ignoring attributes on template argument 'std::uint8_t' {aka 'unsigned char'} [-Wignored-attributes]
  290 | void Push32(std::vector<uint8_t, Alloc>* buf, int32_t data) {
      |                                       ^
/workspace/project/art/runtime/utils.h:297:61: warning: ignoring attributes on template argument 'std::uint8_t' {aka 'unsigned char'} [-Wignored-attributes]
  297 | void EncodeUnsignedLeb128(uint32_t data, std::vector<uint8_t>* buf);
      |                                                             ^
/workspace/project/art/runtime/utils.h:298:58: warning: ignoring attributes on template argument 'std::uint8_t' {aka 'unsigned char'} [-Wignored-attributes]
  298 | void EncodeSignedLeb128(int32_t data, std::vector<uint8_t>* buf);
      |                                                          ^
