In file included from /workspace/project/art/runtime/base/allocator.h:23,
                 from /workspace/project/art/runtime/gc/accounting/heap_bitmap.h:20,
                 from /workspace/project/art/runtime/gc/accounting/heap_bitmap.cc:17:
/workspace/project/art/runtime/atomic.h:297:23: warning: ignoring attributes on template argument 'std::int32_t' {aka 'int'} [-Wignored-attributes]
  297 | typedef Atomic<int32_t> AtomicInteger;
      |                       ^
/workspace/project/art/runtime/atomic.h:302:36: warning: ignoring attributes on template argument 'std::int64_t' {aka 'long long int'} [-Wignored-attributes]
  302 | static_assert(sizeof(Atomic<int64_t>) == sizeof(int64_t), "Weird Atomic<int64> size");
      |                                    ^
In file included from /workspace/project/art/runtime/base/allocator.h:25,
                 from /workspace/project/art/runtime/gc/accounting/heap_bitmap.h:20,
                 from /workspace/project/art/runtime/gc/accounting/heap_bitmap.cc:17:
/workspace/project/art/runtime/base/mutex.h:178:20: warning: ignoring attributes on template argument 'std::uint64_t' {aka 'long long unsigned int'} [-Wignored-attributes]
  178 |     Atomic<uint64_t> wait_time;
      |                    ^
In file included from /workspace/project/art/runtime/gc/accounting/heap_bitmap.h:20,
                 from /workspace/project/art/runtime/gc/accounting/heap_bitmap.cc:17:
/workspace/project/art/runtime/base/allocator.h:85:23: warning: ignoring attributes on template argument 'std::uint64_t' {aka 'long long unsigned int'} [-Wignored-attributes]
   85 | extern Atomic<uint64_t> g_total_bytes_used[kAllocatorTagCount];
      |                       ^
In file included from /workspace/project/art/runtime/gc/accounting/space_bitmap-inl.h:25,
                 from /workspace/project/art/runtime/gc/accounting/heap_bitmap.cc:19:
/workspace/project/art/runtime/base/bit_utils.h:260:86: warning: ignoring attributes on template argument 'std::uint32_t' {aka 'unsigned int'} [-Wignored-attributes]
  260 |     : public std::iterator<std::forward_iterator_tag, uint32_t, ptrdiff_t, void, void> {
      |                                                                                      ^
In file included from /workspace/project/art/runtime/gc/collector/garbage_collector.h:20,
                 from /workspace/project/art/runtime/gc/space/space.h:27,
                 from /workspace/project/art/runtime/gc/accounting/heap_bitmap.cc:20:
/workspace/project/art/runtime/base/histogram.h:38:25: warning: ignoring attributes on template argument 'std::uint64_t' {aka 'long long unsigned int'} [-Wignored-attributes]
   38 |     std::vector<uint64_t> freq_;
      |                         ^
/workspace/project/art/runtime/base/histogram.h:108:23: warning: ignoring attributes on template argument 'std::uint32_t' {aka 'unsigned int'} [-Wignored-attributes]
  108 |   std::vector<uint32_t> frequency_;
      |                       ^
In file included from /workspace/project/art/runtime/gc/collector/garbage_collector.h:22,
                 from /workspace/project/art/runtime/gc/space/space.h:27,
                 from /workspace/project/art/runtime/gc/accounting/heap_bitmap.cc:20:
/workspace/project/art/runtime/base/timing_logger.h:51:45: warning: ignoring attributes on template argument 'std::uint64_t' {aka 'long long unsigned int'} [-Wignored-attributes]
   51 |     bool operator()(const Histogram<uint64_t>* a, const Histogram<uint64_t>* b) const {
      |                                             ^
/workspace/project/art/runtime/base/timing_logger.h:51:75: warning: ignoring attributes on template argument 'std::uint64_t' {aka 'long long unsigned int'} [-Wignored-attributes]
   51 |     bool operator()(const Histogram<uint64_t>* a, const Histogram<uint64_t>* b) const {
      |                                                                           ^
/workspace/project/art/runtime/base/timing_logger.h:67:30: warning: ignoring attributes on template argument 'std::uint64_t' {aka 'long long unsigned int'} [-Wignored-attributes]
   67 |   std::set<Histogram<uint64_t>*, HistogramComparator> histograms_ GUARDED_BY(lock_);
      |                              ^
In file included from /workspace/project/art/runtime/gc/space/space.h:27,
                 from /workspace/project/art/runtime/gc/accounting/heap_bitmap.cc:20:
/workspace/project/art/runtime/gc/collector/garbage_collector.h:57:29: warning: ignoring attributes on template argument 'std::uint64_t' {aka 'long long unsigned int'} [-Wignored-attributes]
   57 |   const std::vector<uint64_t>& GetPauseTimes() const {
      |                             ^
/workspace/project/art/runtime/gc/collector/garbage_collector.h:110:23: warning: ignoring attributes on template argument 'std::uint64_t' {aka 'long long unsigned int'} [-Wignored-attributes]
  110 |   std::vector<uint64_t> pause_times_;
      |                       ^
/workspace/project/art/runtime/gc/collector/garbage_collector.h:187:21: warning: ignoring attributes on template argument 'std::uint64_t' {aka 'long long unsigned int'} [-Wignored-attributes]
  187 |   Histogram<uint64_t> pause_histogram_ GUARDED_BY(pause_histogram_lock_);
      |                     ^
In file included from /workspace/project/art/runtime/image.h:23,
                 from /workspace/project/art/runtime/gc/space/space.h:29,
                 from /workspace/project/art/runtime/gc/accounting/heap_bitmap.cc:20:
/workspace/project/art/runtime/mirror/object.h:43:31: warning: ignoring attributes on template argument 'std::uint8_t' {aka 'unsigned char'} [-Wignored-attributes]
   43 | typedef PrimitiveArray<uint8_t> BooleanArray;
      |                               ^
/workspace/project/art/runtime/mirror/object.h:44:30: warning: ignoring attributes on template argument 'std::int8_t' {aka 'signed char'} [-Wignored-attributes]
   44 | typedef PrimitiveArray<int8_t> ByteArray;
      |                              ^
/workspace/project/art/runtime/mirror/object.h:45:32: warning: ignoring attributes on template argument 'std::uint16_t' {aka 'short unsigned int'} [-Wignored-attributes]
   45 | typedef PrimitiveArray<uint16_t> CharArray;
      |                                ^
/workspace/project/art/runtime/mirror/object.h:48:31: warning: ignoring attributes on template argument 'std::int32_t' {aka 'int'} [-Wignored-attributes]
   48 | typedef PrimitiveArray<int32_t> IntArray;
      |                               ^
/workspace/project/art/runtime/mirror/object.h:49:31: warning: ignoring attributes on template argument 'std::int64_t' {aka 'long long int'} [-Wignored-attributes]
   49 | typedef PrimitiveArray<int64_t> LongArray;
      |                               ^
/workspace/project/art/runtime/mirror/object.h:50:31: warning: ignoring attributes on template argument 'std::int16_t' {aka 'short int'} [-Wignored-attributes]
   50 | typedef PrimitiveArray<int16_t> ShortArray;
      |                               ^
/workspace/project/art/runtime/mirror/object.h:512:25: warning: ignoring attributes on template argument 'std::uint32_t' {aka 'unsigned int'} [-Wignored-attributes]
  512 |   static Atomic<uint32_t> hash_code_seed;
      |                         ^
In file included from /workspace/project/art/runtime/gc/accounting/heap_bitmap.cc:20:
/workspace/project/art/runtime/gc/space/space.h:334:18: warning: ignoring attributes on template argument 'std::uint8_t*' {aka 'unsigned char*'} [-Wignored-attributes]
  334 |   Atomic<uint8_t*> end_;
      |                  ^
