In file included from /workspace/project/art/runtime/base/mutex.h:26,
                 from /workspace/project/art/runtime/barrier.h:31,
                 from /workspace/project/art/runtime/barrier.cc:17:
/workspace/project/art/runtime/atomic.h:297:23: warning: ignoring attributes on template argument 'std::int32_t' {aka 'int'} [-Wignored-attributes]
  297 | typedef Atomic<int32_t> AtomicInteger;
      |                       ^
/workspace/project/art/runtime/atomic.h:302:36: warning: ignoring attributes on template argument 'std::int64_t' {aka 'long long int'} [-Wignored-attributes]
  302 | static_assert(sizeof(Atomic<int64_t>) == sizeof(int64_t), "Weird Atomic<int64> size");
      |                                    ^
In file included from /workspace/project/art/runtime/barrier.h:31,
                 from /workspace/project/art/runtime/barrier.cc:17:
/workspace/project/art/runtime/base/mutex.h:178:20: warning: ignoring attributes on template argument 'std::uint64_t' {aka 'long long unsigned int'} [-Wignored-attributes]
  178 |     Atomic<uint64_t> wait_time;
      |                    ^
In file included from /workspace/project/art/runtime/base/hash_set.h:25,
                 from /workspace/project/art/runtime/base/hash_map.h:22,
                 from /workspace/project/art/runtime/dex_file.h:25,
                 from /workspace/project/art/runtime/entrypoints/interpreter/interpreter_entrypoints.h:21,
                 from /workspace/project/art/runtime/thread.h:33,
                 from /workspace/project/art/runtime/barrier.cc:21:
/workspace/project/art/runtime/base/bit_utils.h:260:86: warning: ignoring attributes on template argument 'std::uint32_t' {aka 'unsigned int'} [-Wignored-attributes]
  260 |     : public std::iterator<std::forward_iterator_tag, uint32_t, ptrdiff_t, void, void> {
      |                                                                                      ^
In file included from /workspace/project/art/runtime/dex_file.h:33,
                 from /workspace/project/art/runtime/entrypoints/interpreter/interpreter_entrypoints.h:21,
                 from /workspace/project/art/runtime/thread.h:33,
                 from /workspace/project/art/runtime/barrier.cc:21:
/workspace/project/art/runtime/utf.h:36:34: warning: ignoring attributes on template argument 'std::uint16_t' {aka 'short unsigned int'} [-Wignored-attributes]
   36 |   typedef PrimitiveArray<uint16_t> CharArray;
      |                                  ^
In file included from /workspace/project/art/runtime/entrypoints/interpreter/interpreter_entrypoints.h:21,
                 from /workspace/project/art/runtime/thread.h:33,
                 from /workspace/project/art/runtime/barrier.cc:21:
/workspace/project/art/runtime/dex_file.h:732:56: warning: ignoring attributes on template argument 'std::uint16_t' {aka 'short unsigned int'} [-Wignored-attributes]
  732 |                              const std::vector<uint16_t>& signature_type_idxs) const {
      |                                                        ^
/workspace/project/art/runtime/dex_file.h:738:43: warning: ignoring attributes on template argument 'std::uint16_t' {aka 'short unsigned int'} [-Wignored-attributes]
  738 |                       std::vector<uint16_t>* param_type_idxs) const;
      |                                           ^
/workspace/project/art/runtime/dex_file.h:1021:26: warning: ignoring attributes on template argument 'std::uint32_t' {aka 'unsigned int'} [-Wignored-attributes]
 1021 |   mutable Atomic<uint32_t> find_class_def_misses_;
      |                          ^
In file included from /workspace/project/art/runtime/safe_map.h:23,
                 from /workspace/project/art/runtime/instrumentation.h:28,
                 from /workspace/project/art/runtime/thread.h:38,
                 from /workspace/project/art/runtime/barrier.cc:21:
/workspace/project/art/runtime/base/allocator.h:85:23: warning: ignoring attributes on template argument 'std::uint64_t' {aka 'long long unsigned int'} [-Wignored-attributes]
   85 | extern Atomic<uint64_t> g_total_bytes_used[kAllocatorTagCount];
      |                       ^
In file included from /workspace/project/art/runtime/barrier.cc:21:
/workspace/project/art/runtime/thread.h:61:33: warning: ignoring attributes on template argument 'std::int32_t' {aka 'int'} [-Wignored-attributes]
   61 |   typedef PrimitiveArray<int32_t> IntArray;
      |                                 ^
