In file included from /workspace/project/art/runtime/base/hash_set.h:25,
                 from /workspace/project/art/runtime/base/hash_map.h:22,
                 from /workspace/project/art/runtime/dex_file.h:25,
                 from /workspace/project/art/runtime/dex_file_verifier.h:22,
                 from /workspace/project/art/runtime/dex_file_verifier.cc:17:
/workspace/project/art/runtime/base/bit_utils.h:260:86: warning: ignoring attributes on template argument 'std::uint32_t' {aka 'unsigned int'} [-Wignored-attributes]
  260 |     : public std::iterator<std::forward_iterator_tag, uint32_t, ptrdiff_t, void, void> {
      |                                                                                      ^
In file included from /workspace/project/art/runtime/base/mutex.h:26,
                 from /workspace/project/art/runtime/dex_file.h:27,
                 from /workspace/project/art/runtime/dex_file_verifier.h:22,
                 from /workspace/project/art/runtime/dex_file_verifier.cc:17:
/workspace/project/art/runtime/atomic.h:297:23: warning: ignoring attributes on template argument 'std::int32_t' {aka 'int'} [-Wignored-attributes]
  297 | typedef Atomic<int32_t> AtomicInteger;
      |                       ^
/workspace/project/art/runtime/atomic.h:302:36: warning: ignoring attributes on template argument 'std::int64_t' {aka 'long long int'} [-Wignored-attributes]
  302 | static_assert(sizeof(Atomic<int64_t>) == sizeof(int64_t), "Weird Atomic<int64> size");
      |                                    ^
In file included from /workspace/project/art/runtime/dex_file.h:27,
                 from /workspace/project/art/runtime/dex_file_verifier.h:22,
                 from /workspace/project/art/runtime/dex_file_verifier.cc:17:
/workspace/project/art/runtime/base/mutex.h:178:20: warning: ignoring attributes on template argument 'std::uint64_t' {aka 'long long unsigned int'} [-Wignored-attributes]
  178 |     Atomic<uint64_t> wait_time;
      |                    ^
In file included from /workspace/project/art/runtime/dex_file.h:33,
                 from /workspace/project/art/runtime/dex_file_verifier.h:22,
                 from /workspace/project/art/runtime/dex_file_verifier.cc:17:
/workspace/project/art/runtime/utf.h:36:34: warning: ignoring attributes on template argument 'std::uint16_t' {aka 'short unsigned int'} [-Wignored-attributes]
   36 |   typedef PrimitiveArray<uint16_t> CharArray;
      |                                  ^
In file included from /workspace/project/art/runtime/dex_file_verifier.h:22,
                 from /workspace/project/art/runtime/dex_file_verifier.cc:17:
/workspace/project/art/runtime/dex_file.h:732:56: warning: ignoring attributes on template argument 'std::uint16_t' {aka 'short unsigned int'} [-Wignored-attributes]
  732 |                              const std::vector<uint16_t>& signature_type_idxs) const {
      |                                                        ^
/workspace/project/art/runtime/dex_file.h:738:43: warning: ignoring attributes on template argument 'std::uint16_t' {aka 'short unsigned int'} [-Wignored-attributes]
  738 |                       std::vector<uint16_t>* param_type_idxs) const;
      |                                           ^
/workspace/project/art/runtime/dex_file.h:1021:26: warning: ignoring attributes on template argument 'std::uint32_t' {aka 'unsigned int'} [-Wignored-attributes]
 1021 |   mutable Atomic<uint32_t> find_class_def_misses_;
      |                          ^
In file included from /workspace/project/art/runtime/safe_map.h:23,
                 from /workspace/project/art/runtime/dex_file_verifier.h:23,
                 from /workspace/project/art/runtime/dex_file_verifier.cc:17:
/workspace/project/art/runtime/base/allocator.h:85:23: warning: ignoring attributes on template argument 'std::uint64_t' {aka 'long long unsigned int'} [-Wignored-attributes]
   85 | extern Atomic<uint64_t> g_total_bytes_used[kAllocatorTagCount];
      |                       ^
In file included from /workspace/project/art/runtime/dex_file_verifier.cc:17:
/workspace/project/art/runtime/dex_file_verifier.h:120:77: warning: ignoring attributes on template argument 'std::uint32_t' {aka 'unsigned int'} [-Wignored-attributes]
  120 |   AllocationTrackingSafeMap<uint32_t, uint16_t, kAllocatorTagDexFileVerifier> offset_to_type_map_;
      |                                                                             ^
/workspace/project/art/runtime/dex_file_verifier.h:120:77: warning: ignoring attributes on template argument 'std::uint16_t' {aka 'short unsigned int'} [-Wignored-attributes]
/workspace/project/art/runtime/dex_file_verifier.h:127:61: warning: ignoring attributes on template argument 'std::uint16_t' {aka 'short unsigned int'} [-Wignored-attributes]
  127 |   std::unordered_set<decltype(DexFile::ClassDef::class_idx_)> defined_classes_;
      |                                                             ^
In file included from /workspace/project/art/runtime/dex_file-inl.h:24,
                 from /workspace/project/art/runtime/dex_file_verifier.cc:23:
/workspace/project/art/runtime/leb128.h:131:71: warning: ignoring attributes on template argument 'std::uint8_t' {aka 'unsigned char'} [-Wignored-attributes]
  131 | static inline void EncodeUnsignedLeb128(std::vector<uint8_t, Allocator>* dest, uint32_t value) {
      |                                                                       ^
/workspace/project/art/runtime/leb128.h:169:69: warning: ignoring attributes on template argument 'std::uint8_t' {aka 'unsigned char'} [-Wignored-attributes]
  169 | static inline void EncodeSignedLeb128(std::vector<uint8_t, Allocator>* dest, int32_t value) {
      |                                                                     ^
/workspace/project/art/runtime/leb128.h:184:45: warning: ignoring attributes on template argument 'std::uint8_t' {aka 'unsigned char'} [-Wignored-attributes]
  184 |   explicit Leb128Encoder(std::vector<uint8_t>* data) : data_(data) {
      |                                             ^
/workspace/project/art/runtime/leb128.h:214:28: warning: ignoring attributes on template argument 'std::uint8_t' {aka 'unsigned char'} [-Wignored-attributes]
  214 |   const std::vector<uint8_t>& GetData() const {
      |                            ^
/workspace/project/art/runtime/leb128.h:219:22: warning: ignoring attributes on template argument 'std::uint8_t' {aka 'unsigned char'} [-Wignored-attributes]
  219 |   std::vector<uint8_t>* const data_;
      |                      ^
/workspace/project/art/runtime/leb128.h:226:63: warning: ignoring attributes on template argument 'std::uint8_t' {aka 'unsigned char'} [-Wignored-attributes]
  226 | class Leb128EncodingVector FINAL : private std::vector<uint8_t>, public Leb128Encoder {
      |                                                               ^
In file included from /workspace/project/art/runtime/dex_file_verifier.cc:27:
/workspace/project/art/runtime/utils.h:290:39: warning: ignoring attributes on template argument 'std::uint8_t' {aka 'unsigned char'} [-Wignored-attributes]
  290 | void Push32(std::vector<uint8_t, Alloc>* buf, int32_t data) {
      |                                       ^
/workspace/project/art/runtime/utils.h:297:61: warning: ignoring attributes on template argument 'std::uint8_t' {aka 'unsigned char'} [-Wignored-attributes]
  297 | void EncodeUnsignedLeb128(uint32_t data, std::vector<uint8_t>* buf);
      |                                                             ^
/workspace/project/art/runtime/utils.h:298:58: warning: ignoring attributes on template argument 'std::uint8_t' {aka 'unsigned char'} [-Wignored-attributes]
  298 | void EncodeSignedLeb128(int32_t data, std::vector<uint8_t>* buf);
      |                                                          ^
/workspace/project/art/runtime/dex_file_verifier.cc: In member function 'bool art::DexFileVerifier::CheckIntraCodeItem()':
/workspace/project/art/runtime/dex_file_verifier.cc:799:29: warning: ignoring attributes on template argument 'std::uint32_t []' {aka 'unsigned int []'} [-Wignored-attributes]
  799 |   std::unique_ptr<uint32_t[]> handler_offsets(new uint32_t[handlers_size]);
      |                             ^
