In file included from /workspace/project/art/runtime/elf_file.cc:29:
/workspace/project/art/runtime/elf_utils.h:34: warning: "EF_MIPS_ARCH_64R6" redefined
   34 | #define EF_MIPS_ARCH_64R6 0xa0000000
      | 
In file included from <command-line>:
/workspace/project/runtime/art-qnx/compat/art_qnx_compat.h:56: note: this is the location of the previous definition
   56 | #define EF_MIPS_ARCH_64R6 0xc0000000
      | 
In file included from /workspace/project/art/runtime/base/mutex.h:26,
                 from /workspace/project/art/runtime/mem_map.h:20,
                 from /workspace/project/art/runtime/elf_file_impl.h:27,
                 from /workspace/project/art/runtime/elf_file.cc:28:
/workspace/project/art/runtime/atomic.h:297:23: warning: ignoring attributes on template argument 'std::int32_t' {aka 'int'} [-Wignored-attributes]
  297 | typedef Atomic<int32_t> AtomicInteger;
      |                       ^
/workspace/project/art/runtime/atomic.h:302:36: warning: ignoring attributes on template argument 'std::int64_t' {aka 'long long int'} [-Wignored-attributes]
  302 | static_assert(sizeof(Atomic<int64_t>) == sizeof(int64_t), "Weird Atomic<int64> size");
      |                                    ^
In file included from /workspace/project/art/runtime/mem_map.h:20,
                 from /workspace/project/art/runtime/elf_file_impl.h:27,
                 from /workspace/project/art/runtime/elf_file.cc:28:
/workspace/project/art/runtime/base/mutex.h:178:20: warning: ignoring attributes on template argument 'std::uint64_t' {aka 'long long unsigned int'} [-Wignored-attributes]
  178 |     Atomic<uint64_t> wait_time;
      |                    ^
In file included from /workspace/project/art/runtime/mem_map.h:29,
                 from /workspace/project/art/runtime/elf_file_impl.h:27,
                 from /workspace/project/art/runtime/elf_file.cc:28:
/workspace/project/art/runtime/base/allocator.h:85:23: warning: ignoring attributes on template argument 'std::uint64_t' {aka 'long long unsigned int'} [-Wignored-attributes]
   85 | extern Atomic<uint64_t> g_total_bytes_used[kAllocatorTagCount];
      |                       ^
In file included from /workspace/project/art/runtime/leb128.h:22,
                 from /workspace/project/art/runtime/elf_file.cc:30:
/workspace/project/art/runtime/base/bit_utils.h:260:86: warning: ignoring attributes on template argument 'std::uint32_t' {aka 'unsigned int'} [-Wignored-attributes]
  260 |     : public std::iterator<std::forward_iterator_tag, uint32_t, ptrdiff_t, void, void> {
      |                                                                                      ^
In file included from /workspace/project/art/runtime/elf_file.cc:30:
/workspace/project/art/runtime/leb128.h:131:71: warning: ignoring attributes on template argument 'std::uint8_t' {aka 'unsigned char'} [-Wignored-attributes]
  131 | static inline void EncodeUnsignedLeb128(std::vector<uint8_t, Allocator>* dest, uint32_t value) {
      |                                                                       ^
/workspace/project/art/runtime/leb128.h:169:69: warning: ignoring attributes on template argument 'std::uint8_t' {aka 'unsigned char'} [-Wignored-attributes]
  169 | static inline void EncodeSignedLeb128(std::vector<uint8_t, Allocator>* dest, int32_t value) {
      |                                                                     ^
/workspace/project/art/runtime/leb128.h:184:45: warning: ignoring attributes on template argument 'std::uint8_t' {aka 'unsigned char'} [-Wignored-attributes]
  184 |   explicit Leb128Encoder(std::vector<uint8_t>* data) : data_(data) {
      |                                             ^
/workspace/project/art/runtime/leb128.h:214:28: warning: ignoring attributes on template argument 'std::uint8_t' {aka 'unsigned char'} [-Wignored-attributes]
  214 |   const std::vector<uint8_t>& GetData() const {
      |                            ^
/workspace/project/art/runtime/leb128.h:219:22: warning: ignoring attributes on template argument 'std::uint8_t' {aka 'unsigned char'} [-Wignored-attributes]
  219 |   std::vector<uint8_t>* const data_;
      |                      ^
/workspace/project/art/runtime/leb128.h:226:63: warning: ignoring attributes on template argument 'std::uint8_t' {aka 'unsigned char'} [-Wignored-attributes]
  226 | class Leb128EncodingVector FINAL : private std::vector<uint8_t>, public Leb128Encoder {
      |                                                               ^
In file included from /workspace/project/art/runtime/elf_file.cc:31:
/workspace/project/art/runtime/utils.h:290:39: warning: ignoring attributes on template argument 'std::uint8_t' {aka 'unsigned char'} [-Wignored-attributes]
  290 | void Push32(std::vector<uint8_t, Alloc>* buf, int32_t data) {
      |                                       ^
/workspace/project/art/runtime/utils.h:297:61: warning: ignoring attributes on template argument 'std::uint8_t' {aka 'unsigned char'} [-Wignored-attributes]
  297 | void EncodeUnsignedLeb128(uint32_t data, std::vector<uint8_t>* buf);
      |                                                             ^
/workspace/project/art/runtime/utils.h:298:58: warning: ignoring attributes on template argument 'std::uint8_t' {aka 'unsigned char'} [-Wignored-attributes]
  298 | void EncodeSignedLeb128(int32_t data, std::vector<uint8_t>* buf);
      |                                                          ^
/workspace/project/art/runtime/elf_file.cc: In instantiation of 'bool art::ElfFileImpl<ElfTypes>::Strip(std::string*) [with ElfTypes = ElfTypes32; std::string = std::basic_string<char>]':
/workspace/project/art/runtime/elf_file.cc:1757:16:   required from here
/workspace/project/art/runtime/elf_file.cc:1532:25: warning: ignoring attributes on template argument 'ElfTypes32::Word' {aka 'unsigned int'} [-Wignored-attributes]
 1532 |   std::vector<Elf_Word> section_headers_original_indexes;
      |                         ^~~~~~~~~~~~~~~~~~~~~~~~~~~~~~~~
/workspace/project/art/runtime/elf_file.cc:1532:25: warning: ignoring attributes on template argument 'ElfTypes32::Word' {aka 'unsigned int'} [-Wignored-attributes]
/workspace/project/art/runtime/elf_file.cc: In instantiation of 'bool art::ElfFileImpl<ElfTypes>::Strip(std::string*) [with ElfTypes = ElfTypes64; std::string = std::basic_string<char>]':
/workspace/project/art/runtime/elf_file.cc:1758:16:   required from here
/workspace/project/art/runtime/elf_file.cc:1532:25: warning: ignoring attributes on template argument 'ElfTypes64::Word' {aka 'unsigned int'} [-Wignored-attributes]
/workspace/project/art/runtime/elf_file.cc:1532:25: warning: ignoring attributes on template argument 'ElfTypes64::Word' {aka 'unsigned int'} [-Wignored-attributes]
In file included from /workspace/project/toolchains/playbook-gcc9/qnx650/include/libstdc++/9.3.0/vector:72,
                 from /workspace/project/art/runtime/elf_file_impl.h:23,
                 from /workspace/project/art/runtime/elf_file.cc:28:
/workspace/project/toolchains/playbook-gcc9/qnx650/include/libstdc++/9.3.0/bits/vector.tcc: In member function 'void std::vector<_Tp, _Alloc>::reserve(std::vector<_Tp, _Alloc>::size_type) [with _Tp = Elf64_Shdr; _Alloc = std::allocator<Elf64_Shdr>]':
/workspace/project/toolchains/playbook-gcc9/qnx650/include/libstdc++/9.3.0/bits/vector.tcc:85:14: note: parameter passing for argument of type 'std::move_iterator<Elf64_Shdr*>' changed in GCC 7.1
   85 |        __tmp = _M_allocate_and_copy(__n,
In file included from /workspace/project/toolchains/playbook-gcc9/qnx650/include/libstdc++/9.3.0/vector:67,
                 from /workspace/project/art/runtime/elf_file_impl.h:23,
                 from /workspace/project/art/runtime/elf_file.cc:28:
/workspace/project/toolchains/playbook-gcc9/qnx650/include/libstdc++/9.3.0/bits/stl_vector.h: In member function 'void std::vector<_Tp, _Alloc>::push_back(const value_type&) [with _Tp = Elf64_Shdr; _Alloc = std::allocator<Elf64_Shdr>]':
/workspace/project/toolchains/playbook-gcc9/qnx650/include/libstdc++/9.3.0/bits/stl_vector.h:1195:4: note: parameter passing for argument of type '__gnu_cxx::__normal_iterator<Elf64_Shdr*, std::vector<Elf64_Shdr, std::allocator<Elf64_Shdr> > >' changed in GCC 7.1
 1195 |    _M_realloc_insert(end(), __x);
      |    ^~~~~~~~~~~~~~~~~
/workspace/project/toolchains/playbook-gcc9/qnx650/include/libstdc++/9.3.0/bits/stl_vector.h: In member function 'std::vector<_Tp, _Alloc>::pointer std::vector<_Tp, _Alloc>::_M_allocate_and_copy(std::vector<_Tp, _Alloc>::size_type, _ForwardIterator, _ForwardIterator) [with _ForwardIterator = std::move_iterator<Elf64_Shdr*>; _Tp = Elf64_Shdr; _Alloc = std::allocator<Elf64_Shdr>]':
/workspace/project/toolchains/playbook-gcc9/qnx650/include/libstdc++/9.3.0/bits/stl_vector.h:1505:2: note: parameter passing for argument of type 'std::move_iterator<Elf64_Shdr*>' changed in GCC 7.1
 1505 |  _M_allocate_and_copy(size_type __n,
      |  ^~~~~~~~~~~~~~~~~~~~
/workspace/project/toolchains/playbook-gcc9/qnx650/include/libstdc++/9.3.0/bits/stl_vector.h:1505:2: note: parameter passing for argument of type 'std::move_iterator<Elf64_Shdr*>' changed in GCC 7.1
/workspace/project/toolchains/playbook-gcc9/qnx650/include/libstdc++/9.3.0/bits/stl_vector.h:1511:35: note: parameter passing for argument of type 'std::move_iterator<Elf64_Shdr*>' changed in GCC 7.1
 1511 |        std::__uninitialized_copy_a(__first, __last, __result,
      |        ~~~~~~~~~~~~~~~~~~~~~~~~~~~^~~~~~~~~~~~~~~~~~~~~~~~~~~
 1512 |        _M_get_Tp_allocator());
      |        ~~~~~~~~~~~~~~~~~~~~~~      
In file included from /workspace/project/toolchains/playbook-gcc9/qnx650/include/libstdc++/9.3.0/vector:72,
                 from /workspace/project/art/runtime/elf_file_impl.h:23,
                 from /workspace/project/art/runtime/elf_file.cc:28:
/workspace/project/toolchains/playbook-gcc9/qnx650/include/libstdc++/9.3.0/bits/vector.tcc: In member function 'void std::vector<_Tp, _Alloc>::_M_realloc_insert(std::vector<_Tp, _Alloc>::iterator, _Args&& ...) [with _Args = {const Elf64_Shdr&}; _Tp = Elf64_Shdr; _Alloc = std::allocator<Elf64_Shdr>]':
/workspace/project/toolchains/playbook-gcc9/qnx650/include/libstdc++/9.3.0/bits/vector.tcc:426:7: note: parameter passing for argument of type 'std::vector<Elf64_Shdr, std::allocator<Elf64_Shdr> >::iterator' {aka '__gnu_cxx::__normal_iterator<Elf64_Shdr*, std::vector<Elf64_Shdr, std::allocator<Elf64_Shdr> > >'} changed in GCC 7.1
  426 |       vector<_Tp, _Alloc>::
      |       ^~~~~~~~~~~~~~~~~~~
In file included from /workspace/project/toolchains/playbook-gcc9/qnx650/include/libstdc++/9.3.0/memory:65,
                 from /workspace/project/runtime/art-qnx/compat/art_qnx_compat.h:14,
                 from <command-line>:
/workspace/project/toolchains/playbook-gcc9/qnx650/include/libstdc++/9.3.0/bits/stl_uninitialized.h: In function '_ForwardIterator std::__uninitialized_copy_a(_InputIterator, _InputIterator, _ForwardIterator, std::allocator<_Tp>&) [with _InputIterator = std::move_iterator<Elf64_Shdr*>; _ForwardIterator = Elf64_Shdr*; _Tp = Elf64_Shdr]':
/workspace/project/toolchains/playbook-gcc9/qnx650/include/libstdc++/9.3.0/bits/stl_uninitialized.h:305:5: note: parameter passing for argument of type 'std::move_iterator<Elf64_Shdr*>' changed in GCC 7.1
  305 |     __uninitialized_copy_a(_InputIterator __first, _InputIterator __last,
      |     ^~~~~~~~~~~~~~~~~~~~~~
/workspace/project/toolchains/playbook-gcc9/qnx650/include/libstdc++/9.3.0/bits/stl_uninitialized.h:305:5: note: parameter passing for argument of type 'std::move_iterator<Elf64_Shdr*>' changed in GCC 7.1
/workspace/project/toolchains/playbook-gcc9/qnx650/include/libstdc++/9.3.0/bits/stl_uninitialized.h:307:37: note: parameter passing for argument of type 'std::move_iterator<Elf64_Shdr*>' changed in GCC 7.1
  307 |     { return std::uninitialized_copy(__first, __last, __result); }
      |              ~~~~~~~~~~~~~~~~~~~~~~~^~~~~~~~~~~~~~~~~~~~~~~~~~~
/workspace/project/toolchains/playbook-gcc9/qnx650/include/libstdc++/9.3.0/bits/stl_uninitialized.h: In function '_ForwardIterator std::__uninitialized_move_if_noexcept_a(_InputIterator, _InputIterator, _ForwardIterator, _Allocator&) [with _InputIterator = Elf64_Shdr*; _ForwardIterator = Elf64_Shdr*; _Allocator = std::allocator<Elf64_Shdr>]':
/workspace/project/toolchains/playbook-gcc9/qnx650/include/libstdc++/9.3.0/bits/stl_uninitialized.h:329:2: note: parameter passing for argument of type 'std::move_iterator<Elf64_Shdr*>' changed in GCC 7.1
  328 |       return std::__uninitialized_copy_a
      |              ~~~~~~~~~~~~~~~~~~~~~~~~~~~
  329 |  (_GLIBCXX_MAKE_MOVE_IF_NOEXCEPT_ITERATOR(__first),
      |  ^~~~~~~~~~~~~~~~~~~~~~~~~~~~~~~~~~~~~~~~~~~~~~~~~~
  330 |   _GLIBCXX_MAKE_MOVE_IF_NOEXCEPT_ITERATOR(__last), __result, __alloc);
      |   ~~~~~~~~~~~~~~~~~~~~~~~~~~~~~~~~~~~~~~~~~~~~~~~~~~~~~~~~~~~~~~~~~~~
/workspace/project/toolchains/playbook-gcc9/qnx650/include/libstdc++/9.3.0/bits/stl_uninitialized.h: In function '_ForwardIterator std::uninitialized_copy(_InputIterator, _InputIterator, _ForwardIterator) [with _InputIterator = std::move_iterator<Elf64_Shdr*>; _ForwardIterator = Elf64_Shdr*]':
/workspace/project/toolchains/playbook-gcc9/qnx650/include/libstdc++/9.3.0/bits/stl_uninitialized.h:115:5: note: parameter passing for argument of type 'std::move_iterator<Elf64_Shdr*>' changed in GCC 7.1
  115 |     uninitialized_copy(_InputIterator __first, _InputIterator __last,
      |     ^~~~~~~~~~~~~~~~~~
/workspace/project/toolchains/playbook-gcc9/qnx650/include/libstdc++/9.3.0/bits/stl_uninitialized.h:115:5: note: parameter passing for argument of type 'std::move_iterator<Elf64_Shdr*>' changed in GCC 7.1
/workspace/project/toolchains/playbook-gcc9/qnx650/include/libstdc++/9.3.0/bits/stl_uninitialized.h:140:15: note: parameter passing for argument of type 'std::move_iterator<Elf64_Shdr*>' changed in GCC 7.1
  137 |       return std::__uninitialized_copy<__is_trivial(_ValueType1)
      |              ~~~~~~~~~~~~~~~~~~~~~~~~~~~~~~~~~~~~~~~~~~~~~~~~~~~
  138 |            && __is_trivial(_ValueType2)
      |            ~~~~~~~~~~~~~~~~~~~~~~~~~~~~
  139 |            && __assignable>::
      |            ~~~~~~~~~~~~~~~~~~
  140 |  __uninit_copy(__first, __last, __result);
      |  ~~~~~~~~~~~~~^~~~~~~~~~~~~~~~~~~~~~~~~~~
/workspace/project/toolchains/playbook-gcc9/qnx650/include/libstdc++/9.3.0/bits/stl_uninitialized.h: In static member function 'static _ForwardIterator std::__uninitialized_copy<true>::__uninit_copy(_InputIterator, _InputIterator, _ForwardIterator) [with _InputIterator = std::move_iterator<Elf64_Shdr*>; _ForwardIterator = Elf64_Shdr*]':
/workspace/project/toolchains/playbook-gcc9/qnx650/include/libstdc++/9.3.0/bits/stl_uninitialized.h:99:9: note: parameter passing for argument of type 'std::move_iterator<Elf64_Shdr*>' changed in GCC 7.1
   99 |         __uninit_copy(_InputIterator __first, _InputIterator __last,
      |         ^~~~~~~~~~~~~
/workspace/project/toolchains/playbook-gcc9/qnx650/include/libstdc++/9.3.0/bits/stl_uninitialized.h:99:9: note: parameter passing for argument of type 'std::move_iterator<Elf64_Shdr*>' changed in GCC 7.1
/workspace/project/toolchains/playbook-gcc9/qnx650/include/libstdc++/9.3.0/bits/stl_uninitialized.h:101:27: note: parameter passing for argument of type 'std::move_iterator<Elf64_Shdr*>' changed in GCC 7.1
  101 |         { return std::copy(__first, __last, __result); }
      |                  ~~~~~~~~~^~~~~~~~~~~~~~~~~~~~~~~~~~~
In file included from /workspace/project/toolchains/playbook-gcc9/qnx650/include/libstdc++/9.3.0/algorithm:61,
                 from /workspace/project/runtime/art-qnx/compat/art_qnx_compat.h:10,
                 from <command-line>:
/workspace/project/toolchains/playbook-gcc9/qnx650/include/libstdc++/9.3.0/bits/stl_algobase.h: In function '_OI std::copy(_II, _II, _OI) [with _II = std::move_iterator<Elf64_Shdr*>; _OI = Elf64_Shdr*]':
/workspace/project/toolchains/playbook-gcc9/qnx650/include/libstdc++/9.3.0/bits/stl_algobase.h:465:5: note: parameter passing for argument of type 'std::move_iterator<Elf64_Shdr*>' changed in GCC 7.1
  465 |     copy(_II __first, _II __last, _OI __result)
      |     ^~~~
/workspace/project/toolchains/playbook-gcc9/qnx650/include/libstdc++/9.3.0/bits/stl_algobase.h:465:5: note: parameter passing for argument of type 'std::move_iterator<Elf64_Shdr*>' changed in GCC 7.1
In file included from /workspace/project/toolchains/playbook-gcc9/qnx650/include/libstdc++/9.3.0/bits/stl_algobase.h:67,
                 from /workspace/project/toolchains/playbook-gcc9/qnx650/include/libstdc++/9.3.0/algorithm:61,
                 from /workspace/project/runtime/art-qnx/compat/art_qnx_compat.h:10,
                 from <command-line>:
/workspace/project/toolchains/playbook-gcc9/qnx650/include/libstdc++/9.3.0/bits/stl_iterator.h: In function 'decltype (std::__miter_base(__it.base())) std::__miter_base(std::move_iterator<_IteratorL>) [with _Iterator = Elf64_Shdr*]':
/workspace/project/toolchains/playbook-gcc9/qnx650/include/libstdc++/9.3.0/bits/stl_iterator.h:1262:5: note: parameter passing for argument of type 'std::move_iterator<Elf64_Shdr*>' changed in GCC 7.1
 1262 |     __miter_base(move_iterator<_Iterator> __it)
      |     ^~~~~~~~~~~~
