In file included from /workspace/project/art/runtime/base/mutex.h:26,
                 from /workspace/project/art/runtime/jni_env_ext.h:23,
                 from /workspace/project/art/runtime/jni_env_ext.cc:17:
/workspace/project/art/runtime/atomic.h:297:23: warning: ignoring attributes on template argument 'std::int32_t' {aka 'int'} [-Wignored-attributes]
  297 | typedef Atomic<int32_t> AtomicInteger;
      |                       ^
/workspace/project/art/runtime/atomic.h:302:36: warning: ignoring attributes on template argument 'std::int64_t' {aka 'long long int'} [-Wignored-attributes]
  302 | static_assert(sizeof(Atomic<int64_t>) == sizeof(int64_t), "Weird Atomic<int64> size");
      |                                    ^
In file included from /workspace/project/art/runtime/jni_env_ext.h:23,
                 from /workspace/project/art/runtime/jni_env_ext.cc:17:
/workspace/project/art/runtime/base/mutex.h:178:20: warning: ignoring attributes on template argument 'std::uint64_t' {aka 'long long unsigned int'} [-Wignored-attributes]
  178 |     Atomic<uint64_t> wait_time;
      |                    ^
In file included from /workspace/project/art/runtime/reference_table.h:25,
                 from /workspace/project/art/runtime/jni_env_ext.h:26,
                 from /workspace/project/art/runtime/jni_env_ext.cc:17:
/workspace/project/art/runtime/base/allocator.h:85:23: warning: ignoring attributes on template argument 'std::uint64_t' {aka 'long long unsigned int'} [-Wignored-attributes]
   85 | extern Atomic<uint64_t> g_total_bytes_used[kAllocatorTagCount];
      |                       ^
In file included from /workspace/project/art/runtime/jni_env_ext.cc:17:
/workspace/project/art/runtime/jni_env_ext.h:78:23: warning: ignoring attributes on template argument 'std::uint32_t' {aka 'unsigned int'} [-Wignored-attributes]
   78 |   std::vector<uint32_t> stacked_local_ref_cookies;
      |                       ^
