In file included from /workspace/project/art/runtime/base/allocator.h:23,
                 from /workspace/project/art/runtime/gc/space/large_object_space.h:20,
                 from /workspace/project/art/runtime/parsed_options.h:27,
                 from /workspace/project/art/runtime/parsed_options.cc:17:
/workspace/project/art/runtime/atomic.h:297:23: warning: ignoring attributes on template argument 'std::int32_t' {aka 'int'} [-Wignored-attributes]
  297 | typedef Atomic<int32_t> AtomicInteger;
      |                       ^
/workspace/project/art/runtime/atomic.h:302:36: warning: ignoring attributes on template argument 'std::int64_t' {aka 'long long int'} [-Wignored-attributes]
  302 | static_assert(sizeof(Atomic<int64_t>) == sizeof(int64_t), "Weird Atomic<int64> size");
      |                                    ^
In file included from /workspace/project/art/runtime/base/allocator.h:25,
                 from /workspace/project/art/runtime/gc/space/large_object_space.h:20,
                 from /workspace/project/art/runtime/parsed_options.h:27,
                 from /workspace/project/art/runtime/parsed_options.cc:17:
/workspace/project/art/runtime/base/mutex.h:178:20: warning: ignoring attributes on template argument 'std::uint64_t' {aka 'long long unsigned int'} [-Wignored-attributes]
  178 |     Atomic<uint64_t> wait_time;
      |                    ^
In file included from /workspace/project/art/runtime/gc/space/large_object_space.h:20,
                 from /workspace/project/art/runtime/parsed_options.h:27,
                 from /workspace/project/art/runtime/parsed_options.cc:17:
/workspace/project/art/runtime/base/allocator.h:85:23: warning: ignoring attributes on template argument 'std::uint64_t' {aka 'long long unsigned int'} [-Wignored-attributes]
   85 | extern Atomic<uint64_t> g_total_bytes_used[kAllocatorTagCount];
      |                       ^
In file included from /workspace/project/art/runtime/gc/collector/garbage_collector.h:20,
                 from /workspace/project/art/runtime/gc/space/space.h:27,
                 from /workspace/project/art/runtime/gc/space/malloc_space.h:20,
                 from /workspace/project/art/runtime/gc/space/dlmalloc_space.h:20,
                 from /workspace/project/art/runtime/gc/space/large_object_space.h:21,
                 from /workspace/project/art/runtime/parsed_options.h:27,
                 from /workspace/project/art/runtime/parsed_options.cc:17:
/workspace/project/art/runtime/base/histogram.h:38:25: warning: ignoring attributes on template argument 'std::uint64_t' {aka 'long long unsigned int'} [-Wignored-attributes]
   38 |     std::vector<uint64_t> freq_;
      |                         ^
/workspace/project/art/runtime/base/histogram.h:108:23: warning: ignoring attributes on template argument 'std::uint32_t' {aka 'unsigned int'} [-Wignored-attributes]
  108 |   std::vector<uint32_t> frequency_;
      |                       ^
In file included from /workspace/project/art/runtime/gc/collector/garbage_collector.h:22,
                 from /workspace/project/art/runtime/gc/space/space.h:27,
                 from /workspace/project/art/runtime/gc/space/malloc_space.h:20,
                 from /workspace/project/art/runtime/gc/space/dlmalloc_space.h:20,
                 from /workspace/project/art/runtime/gc/space/large_object_space.h:21,
                 from /workspace/project/art/runtime/parsed_options.h:27,
                 from /workspace/project/art/runtime/parsed_options.cc:17:
/workspace/project/art/runtime/base/timing_logger.h:51:45: warning: ignoring attributes on template argument 'std::uint64_t' {aka 'long long unsigned int'} [-Wignored-attributes]
   51 |     bool operator()(const Histogram<uint64_t>* a, const Histogram<uint64_t>* b) const {
      |                                             ^
/workspace/project/art/runtime/base/timing_logger.h:51:75: warning: ignoring attributes on template argument 'std::uint64_t' {aka 'long long unsigned int'} [-Wignored-attributes]
   51 |     bool operator()(const Histogram<uint64_t>* a, const Histogram<uint64_t>* b) const {
      |                                                                           ^
/workspace/project/art/runtime/base/timing_logger.h:67:30: warning: ignoring attributes on template argument 'std::uint64_t' {aka 'long long unsigned int'} [-Wignored-attributes]
   67 |   std::set<Histogram<uint64_t>*, HistogramComparator> histograms_ GUARDED_BY(lock_);
      |                              ^
In file included from /workspace/project/art/runtime/gc/space/space.h:27,
                 from /workspace/project/art/runtime/gc/space/malloc_space.h:20,
                 from /workspace/project/art/runtime/gc/space/dlmalloc_space.h:20,
                 from /workspace/project/art/runtime/gc/space/large_object_space.h:21,
                 from /workspace/project/art/runtime/parsed_options.h:27,
                 from /workspace/project/art/runtime/parsed_options.cc:17:
/workspace/project/art/runtime/gc/collector/garbage_collector.h:57:29: warning: ignoring attributes on template argument 'std::uint64_t' {aka 'long long unsigned int'} [-Wignored-attributes]
   57 |   const std::vector<uint64_t>& GetPauseTimes() const {
      |                             ^
/workspace/project/art/runtime/gc/collector/garbage_collector.h:110:23: warning: ignoring attributes on template argument 'std::uint64_t' {aka 'long long unsigned int'} [-Wignored-attributes]
  110 |   std::vector<uint64_t> pause_times_;
      |                       ^
/workspace/project/art/runtime/gc/collector/garbage_collector.h:187:21: warning: ignoring attributes on template argument 'std::uint64_t' {aka 'long long unsigned int'} [-Wignored-attributes]
  187 |   Histogram<uint64_t> pause_histogram_ GUARDED_BY(pause_histogram_lock_);
      |                     ^
In file included from /workspace/project/art/runtime/image.h:23,
                 from /workspace/project/art/runtime/gc/space/space.h:29,
                 from /workspace/project/art/runtime/gc/space/malloc_space.h:20,
                 from /workspace/project/art/runtime/gc/space/dlmalloc_space.h:20,
                 from /workspace/project/art/runtime/gc/space/large_object_space.h:21,
                 from /workspace/project/art/runtime/parsed_options.h:27,
                 from /workspace/project/art/runtime/parsed_options.cc:17:
/workspace/project/art/runtime/mirror/object.h:43:31: warning: ignoring attributes on template argument 'std::uint8_t' {aka 'unsigned char'} [-Wignored-attributes]
   43 | typedef PrimitiveArray<uint8_t> BooleanArray;
      |                               ^
/workspace/project/art/runtime/mirror/object.h:44:30: warning: ignoring attributes on template argument 'std::int8_t' {aka 'signed char'} [-Wignored-attributes]
   44 | typedef PrimitiveArray<int8_t> ByteArray;
      |                              ^
/workspace/project/art/runtime/mirror/object.h:45:32: warning: ignoring attributes on template argument 'std::uint16_t' {aka 'short unsigned int'} [-Wignored-attributes]
   45 | typedef PrimitiveArray<uint16_t> CharArray;
      |                                ^
/workspace/project/art/runtime/mirror/object.h:48:31: warning: ignoring attributes on template argument 'std::int32_t' {aka 'int'} [-Wignored-attributes]
   48 | typedef PrimitiveArray<int32_t> IntArray;
      |                               ^
/workspace/project/art/runtime/mirror/object.h:49:31: warning: ignoring attributes on template argument 'std::int64_t' {aka 'long long int'} [-Wignored-attributes]
   49 | typedef PrimitiveArray<int64_t> LongArray;
      |                               ^
/workspace/project/art/runtime/mirror/object.h:50:31: warning: ignoring attributes on template argument 'std::int16_t' {aka 'short int'} [-Wignored-attributes]
   50 | typedef PrimitiveArray<int16_t> ShortArray;
      |                               ^
/workspace/project/art/runtime/mirror/object.h:512:25: warning: ignoring attributes on template argument 'std::uint32_t' {aka 'unsigned int'} [-Wignored-attributes]
  512 |   static Atomic<uint32_t> hash_code_seed;
      |                         ^
In file included from /workspace/project/art/runtime/gc/space/malloc_space.h:20,
                 from /workspace/project/art/runtime/gc/space/dlmalloc_space.h:20,
                 from /workspace/project/art/runtime/gc/space/large_object_space.h:21,
                 from /workspace/project/art/runtime/parsed_options.h:27,
                 from /workspace/project/art/runtime/parsed_options.cc:17:
/workspace/project/art/runtime/gc/space/space.h:334:18: warning: ignoring attributes on template argument 'std::uint8_t*' {aka 'unsigned char*'} [-Wignored-attributes]
  334 |   Atomic<uint8_t*> end_;
      |                  ^
In file included from /workspace/project/art/cmdline/memory_representation.h:24,
                 from /workspace/project/art/cmdline/cmdline_types.h:21,
                 from /workspace/project/art/runtime/runtime_options.h:21,
                 from /workspace/project/art/runtime/parsed_options.h:30,
                 from /workspace/project/art/runtime/parsed_options.cc:17:
/workspace/project/art/runtime/base/bit_utils.h:260:86: warning: ignoring attributes on template argument 'std::uint32_t' {aka 'unsigned int'} [-Wignored-attributes]
  260 |     : public std::iterator<std::forward_iterator_tag, uint32_t, ptrdiff_t, void, void> {
      |                                                                                      ^
In file included from /workspace/project/art/cmdline/cmdline_result.h:21,
                 from /workspace/project/art/cmdline/cmdline_parse_result.h:20,
                 from /workspace/project/art/cmdline/cmdline_type_parser.h:20,
                 from /workspace/project/art/cmdline/cmdline_types.h:23,
                 from /workspace/project/art/runtime/runtime_options.h:21,
                 from /workspace/project/art/runtime/parsed_options.h:30,
                 from /workspace/project/art/runtime/parsed_options.cc:17:
/workspace/project/art/runtime/utils.h:290:39: warning: ignoring attributes on template argument 'std::uint8_t' {aka 'unsigned char'} [-Wignored-attributes]
  290 | void Push32(std::vector<uint8_t, Alloc>* buf, int32_t data) {
      |                                       ^
/workspace/project/art/runtime/utils.h:297:61: warning: ignoring attributes on template argument 'std::uint8_t' {aka 'unsigned char'} [-Wignored-attributes]
  297 | void EncodeUnsignedLeb128(uint32_t data, std::vector<uint8_t>* buf);
      |                                                             ^
/workspace/project/art/runtime/utils.h:298:58: warning: ignoring attributes on template argument 'std::uint8_t' {aka 'unsigned char'} [-Wignored-attributes]
  298 | void EncodeSignedLeb128(int32_t data, std::vector<uint8_t>* buf);
      |                                                          ^
In file included from /workspace/project/art/runtime/jdwp/jdwp.h:22,
                 from /workspace/project/art/cmdline/cmdline_types.h:28,
                 from /workspace/project/art/runtime/runtime_options.h:21,
                 from /workspace/project/art/runtime/parsed_options.h:30,
                 from /workspace/project/art/runtime/parsed_options.cc:17:
/workspace/project/art/runtime/jdwp/jdwp_bits.h:35:49: warning: ignoring attributes on template argument 'std::uint8_t' {aka 'unsigned char'} [-Wignored-attributes]
   35 | static inline void Append1BE(std::vector<uint8_t>& bytes, uint8_t value) {
      |                                                 ^
/workspace/project/art/runtime/jdwp/jdwp_bits.h:39:49: warning: ignoring attributes on template argument 'std::uint8_t' {aka 'unsigned char'} [-Wignored-attributes]
   39 | static inline void Append2BE(std::vector<uint8_t>& bytes, uint16_t value) {
      |                                                 ^
/workspace/project/art/runtime/jdwp/jdwp_bits.h:44:49: warning: ignoring attributes on template argument 'std::uint8_t' {aka 'unsigned char'} [-Wignored-attributes]
   44 | static inline void Append4BE(std::vector<uint8_t>& bytes, uint32_t value) {
      |                                                 ^
/workspace/project/art/runtime/jdwp/jdwp_bits.h:51:49: warning: ignoring attributes on template argument 'std::uint8_t' {aka 'unsigned char'} [-Wignored-attributes]
   51 | static inline void Append8BE(std::vector<uint8_t>& bytes, uint64_t value) {
      |                                                 ^
/workspace/project/art/runtime/jdwp/jdwp_bits.h:62:53: warning: ignoring attributes on template argument 'std::uint8_t' {aka 'unsigned char'} [-Wignored-attributes]
   62 | static inline void AppendUtf16BE(std::vector<uint8_t>& bytes, const uint16_t* chars, size_t char_count) {
      |                                                     ^
In file included from /workspace/project/art/cmdline/cmdline_types.h:28,
                 from /workspace/project/art/runtime/runtime_options.h:21,
                 from /workspace/project/art/runtime/parsed_options.h:30,
                 from /workspace/project/art/runtime/parsed_options.cc:17:
/workspace/project/art/runtime/jdwp/jdwp.h:383:17: warning: ignoring attributes on template argument 'std::int64_t' {aka 'long long int'} [-Wignored-attributes]
  383 |   Atomic<int64_t> last_activity_time_ms_;
      |                 ^
In file included from /workspace/project/art/runtime/dex_file.h:33,
                 from /workspace/project/art/runtime/oat_file.h:26,
                 from /workspace/project/art/runtime/jit/jit_code_cache.h:27,
                 from /workspace/project/art/runtime/runtime_options.h:30,
                 from /workspace/project/art/runtime/parsed_options.h:30,
                 from /workspace/project/art/runtime/parsed_options.cc:17:
/workspace/project/art/runtime/utf.h:36:34: warning: ignoring attributes on template argument 'std::uint16_t' {aka 'short unsigned int'} [-Wignored-attributes]
   36 |   typedef PrimitiveArray<uint16_t> CharArray;
      |                                  ^
In file included from /workspace/project/art/runtime/oat_file.h:26,
                 from /workspace/project/art/runtime/jit/jit_code_cache.h:27,
                 from /workspace/project/art/runtime/runtime_options.h:30,
                 from /workspace/project/art/runtime/parsed_options.h:30,
                 from /workspace/project/art/runtime/parsed_options.cc:17:
/workspace/project/art/runtime/dex_file.h:732:56: warning: ignoring attributes on template argument 'std::uint16_t' {aka 'short unsigned int'} [-Wignored-attributes]
  732 |                              const std::vector<uint16_t>& signature_type_idxs) const {
      |                                                        ^
/workspace/project/art/runtime/dex_file.h:738:43: warning: ignoring attributes on template argument 'std::uint16_t' {aka 'short unsigned int'} [-Wignored-attributes]
  738 |                       std::vector<uint16_t>* param_type_idxs) const;
      |                                           ^
/workspace/project/art/runtime/dex_file.h:1021:26: warning: ignoring attributes on template argument 'std::uint32_t' {aka 'unsigned int'} [-Wignored-attributes]
 1021 |   mutable Atomic<uint32_t> find_class_def_misses_;
      |                          ^
In file included from /workspace/project/art/runtime/parsed_options.h:30,
                 from /workspace/project/art/runtime/parsed_options.cc:17:
/workspace/project/art/runtime/runtime_options.h:76:67: warning: ignoring attributes on template argument 'std::int32_t (*)(std::FILE*, const char*, std::va_list)' {aka 'int (*)(_Filet*, const char*, __va_list)'} [-Wignored-attributes]
   76 | #define RUNTIME_OPTIONS_KEY(Type, Name, ...) static const Key<Type> Name;
      |                                                                   ^
/workspace/project/art/runtime/runtime_options.def:116:1: note: in expansion of macro 'RUNTIME_OPTIONS_KEY'
  116 | RUNTIME_OPTIONS_KEY (int32_t (*)(FILE* stream, const char* format, va_list ap), \
      | ^~~~~~~~~~~~~~~~~~~
/workspace/project/art/runtime/runtime_options.h:76:67: warning: ignoring attributes on template argument 'void (*)(std::int32_t)' {aka 'void (*)(int)'} [-Wignored-attributes]
   76 | #define RUNTIME_OPTIONS_KEY(Type, Name, ...) static const Key<Type> Name;
      |                                                                   ^
/workspace/project/art/runtime/runtime_options.def:118:1: note: in expansion of macro 'RUNTIME_OPTIONS_KEY'
  118 | RUNTIME_OPTIONS_KEY (void (*)(int32_t status), \
      | ^~~~~~~~~~~~~~~~~~~
In file included from /workspace/project/art/runtime/parsed_options.cc:22:
/workspace/project/art/runtime/debugger.h:77:29: warning: ignoring attributes on template argument 'std::uint64_t []' {aka 'long long unsigned int []'} [-Wignored-attributes]
   77 |   std::unique_ptr<uint64_t[]> arg_values;   // will be null if arg_count_ == 0. We take ownership
      |                             ^
/workspace/project/art/runtime/debugger.h:116:26: warning: ignoring attributes on template argument 'std::uint32_t' {aka 'unsigned int'} [-Wignored-attributes]
  116 |   const std::set<uint32_t>& GetDexPcs() const {
      |                          ^
/workspace/project/art/runtime/debugger.h:140:20: warning: ignoring attributes on template argument 'std::uint32_t' {aka 'unsigned int'} [-Wignored-attributes]
  140 |   std::set<uint32_t> dex_pcs_;
      |                    ^
/workspace/project/art/runtime/debugger.h:215:35: warning: ignoring attributes on template argument 'std::int32_t' {aka 'int'} [-Wignored-attributes]
  215 |     std::multimap<int32_t, jobject> objects_;
      |                                   ^
/workspace/project/art/runtime/debugger.h:293:55: warning: ignoring attributes on template argument 'art::JDWP::RefTypeId' {aka 'long long unsigned int'} [-Wignored-attributes]
  293 |   static void GetClassList(std::vector<JDWP::RefTypeId>* classes)
      |                                                       ^
/workspace/project/art/runtime/debugger.h:298:93: warning: ignoring attributes on template argument 'art::JDWP::RefTypeId' {aka 'long long unsigned int'} [-Wignored-attributes]
  298 |   static void FindLoadedClassBySignature(const char* descriptor, std::vector<JDWP::RefTypeId>* ids)
      |                                                                                             ^
/workspace/project/art/runtime/debugger.h:353:69: warning: ignoring attributes on template argument 'art::JDWP::ObjectId' {aka 'long long unsigned int'} [-Wignored-attributes]
  353 |                                           std::vector<JDWP::ObjectId>* monitors,
      |                                                                     ^
/workspace/project/art/runtime/debugger.h:354:63: warning: ignoring attributes on template argument 'std::uint32_t' {aka 'unsigned int'} [-Wignored-attributes]
  354 |                                           std::vector<uint32_t>* stack_depths)
      |                                                               ^
/workspace/project/art/runtime/debugger.h:365:77: warning: ignoring attributes on template argument 'art::JDWP::RefTypeId' {aka 'long long unsigned int'} [-Wignored-attributes]
  365 |   static JDWP::JdwpError GetInstanceCounts(const std::vector<JDWP::RefTypeId>& class_ids,
      |                                                                             ^
/workspace/project/art/runtime/debugger.h:366:64: warning: ignoring attributes on template argument 'std::uint64_t' {aka 'long long unsigned int'} [-Wignored-attributes]
  366 |                                            std::vector<uint64_t>* counts)
      |                                                                ^
/workspace/project/art/runtime/debugger.h:369:65: warning: ignoring attributes on template argument 'art::JDWP::ObjectId' {aka 'long long unsigned int'} [-Wignored-attributes]
  369 |                                       std::vector<JDWP::ObjectId>* instances)
      |                                                                 ^
/workspace/project/art/runtime/debugger.h:372:72: warning: ignoring attributes on template argument 'art::JDWP::ObjectId' {aka 'long long unsigned int'} [-Wignored-attributes]
  372 |                                              std::vector<JDWP::ObjectId>* referring_objects)
      |                                                                        ^
/workspace/project/art/runtime/debugger.h:410:58: warning: ignoring attributes on template argument 'std::uint8_t' {aka 'unsigned char'} [-Wignored-attributes]
  410 |                                       std::vector<uint8_t>* bytecodes)
      |                                                          ^
/workspace/project/art/runtime/debugger.h:470:82: warning: ignoring attributes on template argument 'art::JDWP::ObjectId' {aka 'long long unsigned int'} [-Wignored-attributes]
  470 |   static void GetThreads(mirror::Object* thread_group, std::vector<JDWP::ObjectId>* thread_ids)
      |                                                                                  ^
/workspace/project/art/runtime/debugger.h:667:68: warning: ignoring attributes on template argument 'std::uint8_t' {aka 'unsigned char'} [-Wignored-attributes]
  667 |   static void DdmSendChunk(uint32_t type, const std::vector<uint8_t>& bytes)
      |                                                                    ^
In file included from /workspace/project/art/runtime/parsed_options.cc:23:
/workspace/project/art/runtime/gc/heap.h:1198:21: warning: ignoring attributes on template argument 'std::uint64_t' {aka 'long long unsigned int'} [-Wignored-attributes]
 1198 |   Histogram<uint64_t> gc_count_rate_histogram_ GUARDED_BY(gc_complete_lock_);
      |                     ^
/workspace/project/art/runtime/gc/heap.h:1200:21: warning: ignoring attributes on template argument 'std::uint64_t' {aka 'long long unsigned int'} [-Wignored-attributes]
 1200 |   Histogram<uint64_t> blocking_gc_count_rate_histogram_ GUARDED_BY(gc_complete_lock_);
      |                     ^
/workspace/project/art/runtime/gc/heap.h:1205:18: warning: ignoring attributes on template argument 'std::uint64_t' {aka 'long long unsigned int'} [-Wignored-attributes]
 1205 |   Atomic<uint64_t> seen_backtrace_count_;
      |                  ^
/workspace/project/art/runtime/gc/heap.h:1206:18: warning: ignoring attributes on template argument 'std::uint64_t' {aka 'long long unsigned int'} [-Wignored-attributes]
 1206 |   Atomic<uint64_t> unique_backtrace_count_;
      |                  ^
/workspace/project/art/runtime/gc/heap.h:1208:30: warning: ignoring attributes on template argument 'std::uint64_t' {aka 'long long unsigned int'} [-Wignored-attributes]
 1208 |   std::unordered_set<uint64_t> seen_backtraces_ GUARDED_BY(backtrace_lock_);
      |                              ^
In file included from /workspace/project/art/runtime/parsed_options.cc:25:
/workspace/project/art/runtime/runtime.h:61:32: warning: ignoring attributes on template argument 'std::int8_t' {aka 'signed char'} [-Wignored-attributes]
   61 |   typedef PrimitiveArray<int8_t> ByteArray;
      |                                ^
/workspace/project/art/runtime/runtime.h:89:61: warning: ignoring attributes on template argument 'std::uint32_t' {aka 'unsigned int'} [-Wignored-attributes]
   89 | typedef SafeMap<MethodReference, SafeMap<uint32_t, std::set<uint32_t>>,
      |                                                             ^~~~~~~~
/workspace/project/art/runtime/runtime.h:89:69: warning: ignoring attributes on template argument 'std::uint32_t' {aka 'unsigned int'} [-Wignored-attributes]
   89 | typedef SafeMap<MethodReference, SafeMap<uint32_t, std::set<uint32_t>>,
      |                                                                     ^~
In file included from /workspace/project/art/runtime/parsed_options.cc:26:
/workspace/project/art/runtime/trace.h:248:28: warning: ignoring attributes on template argument 'std::uint8_t []' {aka 'unsigned char []'} [-Wignored-attributes]
  248 |   std::unique_ptr<uint8_t[]> buf_;
      |                            ^
/workspace/project/art/runtime/trace.h:291:42: warning: ignoring attributes on template argument 'std::uint32_t' {aka 'unsigned int'} [-Wignored-attributes]
  291 |   std::unordered_map<ArtMethod*, uint32_t> art_method_id_map_ GUARDED_BY(unique_methods_lock_);
      |                                          ^
